
> abc@0.1.0 build
> next build

node.exe : (node:21964) [MOD
ULE_TYPELESS_PACKAGE_JSON] 
Warning: Module type of file
:///E:/hackathon/abc/next.co
nfig.js is not specified 
and it doesn't parse as 
CommonJS.
At line:1 char:1
+ & "C:\Program 
Files\nodejs/node.exe" 
"C:\Program 
Files\nodejs/node_mo ...
+ ~~~~~~~~~~~~~~~~~~~~~~~~~~
~~~~~~~~~~~~~~~~~~~~~~~~~~~~
~~~~~~~~~~~~~~~
    + CategoryInfo          
    : NotSpecified: ((node  
  :21964) [M...se as Comm   
 onJS.:String) [], Remot    
eException
    + FullyQualifiedErrorId 
    : NativeCommandError
 
Reparsing as ES module 
because module syntax was 
detected. This incurs a 
performance overhead.
To eliminate this warning, 
add "type": "module" to E:\h
ackathon\abc\package.json.
(Use `node --trace-warnings 
...` to show where the 
warning was created)
Γû▓ Next.js 16.1.3 (Turbopack)
- Environments: .env.local

  Creating an optimized production build ...
(node:21964) [MODULE_TYPELES
S_PACKAGE_JSON] Warning: 
Module type of file:///E:/ha
ckathon/abc/next.config.js 
is not specified and it 
doesn't parse as CommonJS.
Reparsing as ES module 
because module syntax was 
detected. This incurs a 
performance overhead.
To eliminate this warning, 
add "type": "module" to E:\h
ackathon\abc\package.json.
(Use `node --trace-warnings 
...` to show where the 
warning was created)

> Build error occurred
Error: Turbopack build 
failed with 5 errors:
./src/app/api/dashboard/stat
s/route.js:5:1
Module not found: Can't 
resolve '../../../lib/auth'
[0m [90m 3 |[39m 
[36mimport[39m 
[33mAnalysis[39m 
[36mfrom[39m [32m'../../.
./models/Analysis'[39m[33m
;[39m
 [90m 4 |[39m 
[36mimport[39m 
[33mChecklist[39m 
[36mfrom[39m [32m'../../.
./models/Checklist'[39m[33
m;[39m
[31m[1m>[22m[39m[90m 5 
|[39m [36mimport[39m { 
verifyToken } 
[36mfrom[39m [32m'../../.
./lib/auth'[39m[33m;[39m
 [90m   |[39m [31m[1m^[
22m[39m[31m[1m^[22m[39m
[31m[1m^[22m[39m[31m[1
m^[22m[39m[31m[1m^[22m
[39m[31m[1m^[22m[39m[31
m[1m^[22m[39m[31m[1m^[
22m[39m[31m[1m^[22m[39m
[31m[1m^[22m[39m[31m[1
m^[22m[39m[31m[1m^[22m
[39m[31m[1m^[22m[39m[31
m[1m^[22m[39m[31m[1m^[
22m[39m[31m[1m^[22m[39m
[31m[1m^[22m[39m[31m[1
m^[22m[39m[31m[1m^[22m
[39m[31m[1m^[22m[39m[31
m[1m^[22m[39m[31m[1m^[
22m[39m[31m[1m^[22m[39m
[31m[1m^[22m[39m[31m[1
m^[22m[39m[31m[1m^[22m
[39m[31m[1m^[22m[39m[31
m[1m^[22m[39m[31m[1m^[
22m[39m[31m[1m^[22m[39m
[31m[1m^[22m[39m[31m[1
m^[22m[39m[31m[1m^[22m
[39m[31m[1m^[22m[39m[31
m[1m^[22m[39m[31m[1m^[
22m[39m[31m[1m^[22m[39m
[31m[1m^[22m[39m[31m[1
m^[22m[39m[31m[1m^[22m
[39m[31m[1m^[22m[39m[31
m[1m^[22m[39m[31m[1m^[
22m[39m[31m[1m^[22m[39m
[31m[1m^[22m[39m[31m[1
m^[22m[39m[31m[1m^[22m
[39m[31m[1m^[22m[39m
 [90m 6 |[39m
 [90m 7 |[39m 
[36mexport[39m 
[36masync[39m 
[36mfunction[39m 
[33mGET[39m(req) {
 [90m 8 |[39m     
[36mtry[39m {[0m



https://nextjs.org/docs/mess
ages/module-not-found


./src/app/api/dashboard/stat
s/route.js:2:1
Module not found: Can't 
resolve '../../../lib/db'
[0m [90m 1 |[39m 
[36mimport[39m { 
[33mNextResponse[39m } 
[36mfrom[39m [32m'next/se
rver'[39m[33m;[39m
[31m[1m>[22m[39m[90m 2 
|[39m [36mimport[39m 
dbConnect [36mfrom[39m [3
2m'../../../lib/db'[39m[33
m;[39m
 [90m   |[39m [31m[1m^[
22m[39m[31m[1m^[22m[39m
[31m[1m^[22m[39m[31m[1
m^[22m[39m[31m[1m^[22m
[39m[31m[1m^[22m[39m[31
m[1m^[22m[39m[31m[1m^[
22m[39m[31m[1m^[22m[39m
[31m[1m^[22m[39m[31m[1
m^[22m[39m[31m[1m^[22m
[39m[31m[1m^[22m[39m[31
m[1m^[22m[39m[31m[1m^[
22m[39m[31m[1m^[22m[39m
[31m[1m^[22m[39m[31m[1
m^[22m[39m[31m[1m^[22m
[39m[31m[1m^[22m[39m[31
m[1m^[22m[39m[31m[1m^[
22m[39m[31m[1m^[22m[39m
[31m[1m^[22m[39m[31m[1
m^[22m[39m[31m[1m^[22m
[39m[31m[1m^[22m[39m[31
m[1m^[22m[39m[31m[1m^[
22m[39m[31m[1m^[22m[39m
[31m[1m^[22m[39m[31m[1
m^[22m[39m[31m[1m^[22m
[39m[31m[1m^[22m[39m[31
m[1m^[22m[39m[31m[1m^[
22m[39m[31m[1m^[22m[39m
[31m[1m^[22m[39m[31m[1
m^[22m[39m[31m[1m^[22m
[39m
 [90m 3 |[39m 
[36mimport[39m 
[33mAnalysis[39m 
[36mfrom[39m [32m'../../.
./models/Analysis'[39m[33m
;[39m
 [90m 4 |[39m 
[36mimport[39m 
[33mChecklist[39m 
[36mfrom[39m [32m'../../.
./models/Checklist'[39m[33
m;[39m
 [90m 5 |[39m 
[36mimport[39m { 
verifyToken } 
[36mfrom[39m [32m'../../.
./lib/auth'[39m[33m;[39m
[0m



https://nextjs.org/docs/mess
ages/module-not-found


./src/app/api/dashboard/stat
s/route.js:3:1
Module not found: Can't 
resolve 
'../../../models/Analysis'
[0m [90m 1 |[39m 
[36mimport[39m { 
[33mNextResponse[39m } 
[36mfrom[39m [32m'next/se
rver'[39m[33m;[39m
 [90m 2 |[39m 
[36mimport[39m dbConnect 
[36mfrom[39m [32m'../../.
./lib/db'[39m[33m;[39m
[31m[1m>[22m[39m[90m 3 
|[39m [36mimport[39m 
[33mAnalysis[39m 
[36mfrom[39m [32m'../../.
./models/Analysis'[39m[33m
;[39m
 [90m   |[39m [31m[1m^[
22m[39m[31m[1m^[22m[39m
[31m[1m^[22m[39m[31m[1
m^[22m[39m[31m[1m^[22m
[39m[31m[1m^[22m[39m[31
m[1m^[22m[39m[31m[1m^[
22m[39m[31m[1m^[22m[39m
[31m[1m^[22m[39m[31m[1
m^[22m[39m[31m[1m^[22m
[39m[31m[1m^[22m[39m[31
m[1m^[22m[39m[31m[1m^[
22m[39m[31m[1m^[22m[39m
[31m[1m^[22m[39m[31m[1
m^[22m[39m[31m[1m^[22m
[39m[31m[1m^[22m[39m[31
m[1m^[22m[39m[31m[1m^[
22m[39m[31m[1m^[22m[39m
[31m[1m^[22m[39m[31m[1
m^[22m[39m[31m[1m^[22m
[39m[31m[1m^[22m[39m[31
m[1m^[22m[39m[31m[1m^[
22m[39m[31m[1m^[22m[39m
[31m[1m^[22m[39m[31m[1
m^[22m[39m[31m[1m^[22m
[39m[31m[1m^[22m[39m[31
m[1m^[22m[39m[31m[1m^[
22m[39m[31m[1m^[22m[39m
[31m[1m^[22m[39m[31m[1
m^[22m[39m[31m[1m^[22m
[39m[31m[1m^[22m[39m[31
m[1m^[22m[39m[31m[1m^[
22m[39m[31m[1m^[22m[39m
[31m[1m^[22m[39m[31m[1
m^[22m[39m[31m[1m^[22m
[39m[31m[1m^[22m[39m
 [90m 4 |[39m 
[36mimport[39m 
[33mChecklist[39m 
[36mfrom[39m [32m'../../.
./models/Checklist'[39m[33
m;[39m
 [90m 5 |[39m 
[36mimport[39m { 
verifyToken } 
[36mfrom[39m [32m'../../.
./lib/auth'[39m[33m;[39m
 [90m 6 |[39m[0m



https://nextjs.org/docs/mess
ages/module-not-found


./src/app/api/dashboard/stat
s/route.js:4:1
Module not found: Can't 
resolve 
'../../../models/Checklist'
[0m [90m 2 |[39m 
[36mimport[39m dbConnect 
[36mfrom[39m [32m'../../.
./lib/db'[39m[33m;[39m
 [90m 3 |[39m 
[36mimport[39m 
[33mAnalysis[39m 
[36mfrom[39m [32m'../../.
./models/Analysis'[39m[33m
;[39m
[31m[1m>[22m[39m[90m 4 
|[39m [36mimport[39m 
[33mChecklist[39m 
[36mfrom[39m [32m'../../.
./models/Checklist'[39m[33
m;[39m
 [90m   |[39m [31m[1m^[
22m[39m[31m[1m^[22m[39m
[31m[1m^[22m[39m[31m[1
m^[22m[39m[31m[1m^[22m
[39m[31m[1m^[22m[39m[31
m[1m^[22m[39m[31m[1m^[
22m[39m[31m[1m^[22m[39m
[31m[1m^[22m[39m[31m[1
m^[22m[39m[31m[1m^[22m
[39m[31m[1m^[22m[39m[31
m[1m^[22m[39m[31m[1m^[
22m[39m[31m[1m^[22m[39m
[31m[1m^[22m[39m[31m[1
m^[22m[39m[31m[1m^[22m
[39m[31m[1m^[22m[39m[31
m[1m^[22m[39m[31m[1m^[
22m[39m[31m[1m^[22m[39m
[31m[1m^[22m[39m[31m[1
m^[22m[39m[31m[1m^[22m
[39m[31m[1m^[22m[39m[31
m[1m^[22m[39m[31m[1m^[
22m[39m[31m[1m^[22m[39m
[31m[1m^[22m[39m[31m[1
m^[22m[39m[31m[1m^[22m
[39m[31m[1m^[22m[39m[31
m[1m^[22m[39m[31m[1m^[
22m[39m[31m[1m^[22m[39m
[31m[1m^[22m[39m[31m[1
m^[22m[39m[31m[1m^[22m
[39m[31m[1m^[22m[39m[31
m[1m^[22m[39m[31m[1m^[
22m[39m[31m[1m^[22m[39m
[31m[1m^[22m[39m[31m[1
m^[22m[39m[31m[1m^[22m
[39m[31m[1m^[22m[39m[31
m[1m^[22m[39m[31m[1m^[
22m[39m
 [90m 5 |[39m 
[36mimport[39m { 
verifyToken } 
[36mfrom[39m [32m'../../.
./lib/auth'[39m[33m;[39m
 [90m 6 |[39m
 [90m 7 |[39m 
[36mexport[39m 
[36masync[39m 
[36mfunction[39m 
[33mGET[39m(req) {[0m



https://nextjs.org/docs/mess
ages/module-not-found


./src/app/api/analyze/route.
js:2:1
Export default doesn't 
exist in target module
[0m [90m 1 |[39m 
[36mimport[39m { 
[33mNextResponse[39m } 
[36mfrom[39m [32m'next/se
rver'[39m[33m;[39m
[31m[1m>[22m[39m[90m 2 
|[39m [36mimport[39m pdf 
[36mfrom[39m [32m'pdf-par
se'[39m[33m;[39m
 [90m   |[39m [31m[1m^[
22m[39m[31m[1m^[22m[39m
[31m[1m^[22m[39m[31m[1
m^[22m[39m[31m[1m^[22m
[39m[31m[1m^[22m[39m[31
m[1m^[22m[39m[31m[1m^[
22m[39m[31m[1m^[22m[39m
[31m[1m^[22m[39m[31m[1
m^[22m[39m[31m[1m^[22m
[39m[31m[1m^[22m[39m[31
m[1m^[22m[39m[31m[1m^[
22m[39m[31m[1m^[22m[39m
[31m[1m^[22m[39m[31m[1
m^[22m[39m[31m[1m^[22m
[39m[31m[1m^[22m[39m[31
m[1m^[22m[39m[31m[1m^[
22m[39m[31m[1m^[22m[39m
[31m[1m^[22m[39m[31m[1
m^[22m[39m[31m[1m^[22m
[39m[31m[1m^[22m[39m[31
m[1m^[22m[39m
 [90m 3 |[39m 
[36mimport[39m dbConnect 
[36mfrom[39m [32m'../../.
./lib/db'[39m[33m;[39m
 [90m 4 |[39m 
[36mimport[39m 
[33mAnalysis[39m 
[36mfrom[39m [32m'../../.
./models/Analysis'[39m[33m
;[39m
 [90m 5 |[39m 
[36mimport[39m 
[33mRoadmap[39m 
[36mfrom[39m [32m'../../.
./models/Roadmap'[39m[33m;
[39m[0m

The export default was not 
found in module [project]/no
de_modules/pdf-parse/dist/pd
f-parse/esm/index.js 
[app-route] (ecmascript).
Did you mean to import 
Rectangle?
All exports of the module 
are statically known (It 
doesn't have dynamic 
exports). So it's known 
statically that the 
requested export doesn't 
exist.


    at <unknown> (./src/app/
api/dashboard/stats/route.js
:5:1)
    at <unknown> (https://ne
xtjs.org/docs/messages/modul
e-not-found)
    at <unknown> (./src/app/
api/dashboard/stats/route.js
:2:1)
    at <unknown> (https://ne
xtjs.org/docs/messages/modul
e-not-found)
    at <unknown> (./src/app/
api/dashboard/stats/route.js
:3:1)
    at <unknown> (https://ne
xtjs.org/docs/messages/modul
e-not-found)
    at <unknown> (./src/app/
api/dashboard/stats/route.js
:4:1)
    at <unknown> (https://ne
xtjs.org/docs/messages/modul
e-not-found)
    at <unknown> (./src/app/
api/analyze/route.js:2:1)
